// 重构日志: eb6f01db
// 重构日志: 84373780
// 重构日志: 7510b206
// 重构日志: 5018207e
// 重构日志: b693c4fa
// 重构日志: 208b707b
// 同步 ID: bfdf9e3a @ Mon Jul 20 19:36:22 UTC 2026
// 重构日志: 24909dcb
// 重构日志: 9db1bbb7
// 重构日志: e4b4c0c6
// 重构日志: 4037a5bb
// 重构日志: 67d9ac6f
// 同步 ID: 86742be7 @ Thu Jul 23 11:05:10 UTC 2026
// 重构日志: cbc27caa
// 同步 ID: 0e80a1b6 @ Fri Jul 24 05:39:15 UTC 2026
// 同步 ID: 4a3c40de @ Fri Jul 24 10:39:29 UTC 2026
// 同步 ID: f90fe140 @ Sun Jul 26 07:58:35 UTC 2026
// 同步 ID: 4a7cc784 @ Sun Jul 26 09:45:21 UTC 2026
// 重构日志: 4ea44514
// 重构日志: 867616fc
// 同步 ID: 60383db6 @ Mon Jul 27 22:16:34 UTC 2026
// 同步 ID: 239e0af5 @ Wed Jul 29 08:10:22 UTC 2026
// 同步 ID: 75c16535 @ Wed Jul 29 15:20:27 UTC 2026
// 重构日志: 33d2cf95
// 同步 ID: 2ff73331 @ Thu Jul 30 04:43:16 UTC 2026
// 重构日志: 52aaa2f2
// 同步 ID: 19e94e30 @ Thu Jul 30 12:19:02 UTC 2026
// 重构日志: c71c81c5
// 重构日志: 3d4a06b3
// 同步 ID: 380fbafe @ Fri Jul 31 18:40:58 UTC 2026
// 重构日志: 67b4732d
// 重构日志: 70b6af2d
// 重构日志: 42a4a66e
